/home/wangyun/anaconda3/envs/dolang_barrier/lib/python3.11/site-packages/gymnasium/envs/registration.py:636: UserWarning: [33mWARN: Overriding environment Isaac-Velocity-Flat-Anymal-D-v0 already in registry.[0m
  logger.warn(f"Overriding environment {new_spec.id} already in registry.")
/home/wangyun/anaconda3/envs/dolang_barrier/lib/python3.11/site-packages/gymnasium/envs/registration.py:636: UserWarning: [33mWARN: Overriding environment Isaac-Velocity-Flat-Anymal-D-Play-v0 already in registry.[0m
  logger.warn(f"Overriding environment {new_spec.id} already in registry.")
[INFO][AppLauncher]: Using device: cuda:0
[INFO][AppLauncher]: Loading experience file: /home/wangyun/IsaacLab/apps/isaaclab.python.headless.kit
[INFO]: Parsing configuration from: robot_lab.tasks.manager_based.locomotion.velocity.config.humanoid.dolangh1.flat_env_cfg:DolangH1FlatEnvCfg
[INFO]: Parsing configuration from: robot_lab.tasks.manager_based.locomotion.velocity.config.humanoid.dolangh1.agents.rsl_rl_ppo_cfg:DolangH1FlatDreamWaQRunnerCfg
[INFO] Logging experiment in directory: /home/wangyun/dog_main_test_barrier/robot_lab/logs/rsl_rl/dolangh1_flat_dreamwaq
Exact experiment name requested from command line: 2026-06-03_17-59-53

[36m======================================================================================[0m
[36m[1m[INFO][IsaacLab]: Logging to file: /tmp/isaaclab/logs/isaaclab_2026-06-03_17-59-53.log[0m
[36m======================================================================================[0m

[33m17:59:53 [simulation_context.py] WARNING: The `enable_external_forces_every_iteration` parameter in the PhysxCfg is set to False. If you are experiencing noisy velocities, consider enabling this flag. You may need to slightly increase the number of velocity iterations (setting it to 1 or 2 rather than 0), together with this flag, to improve the accuracy of velocity updates.[0m
Loading user config located at: '/home/wangyun/isaac_sim/isaac-sim/kit/data/Kit/Isaac-Sim/5.1/user.config.json'
[Info] [carb] Logging to file: /home/wangyun/isaac_sim/isaac-sim/kit/logs/Kit/Isaac-Sim/5.1/kit_20260603_175947.log
2026-06-03T09:59:47Z [596ms] [Warning] [omni.usd_config.extension] Enable omni.materialx.libs extension to use MaterialX
2026-06-03T09:59:48Z [1,258ms] [Warning] [carb] Acquiring non optional plugin interface which is not listed as dependency: [omni::physx::IPhysxBenchmarks v1.0] (plugin: <default plugin>), by client: omni.physics.physx.plugin. Add it to CARB_PLUGIN_IMPL_DEPS() macro of a client.
2026-06-03T09:59:48Z [1,429ms] [Warning] [omni.isaac.dynamic_control] omni.isaac.dynamic_control is deprecated as of Isaac Sim 4.5. No action is needed from end-users.
2026-06-03T09:59:51Z [4,126ms] [Warning] [gpu.foundation.plugin] Skipping unsupported non-NVIDIA GPU: Intel(R) Graphics (ARL)
2026-06-03T09:59:51Z [4,126ms] [Warning] [gpu.foundation.plugin] Skipping unsupported non-NVIDIA GPU: Intel(R) Graphics (ARL)

|---------------------------------------------------------------------------------------------|
| Driver Version: 580.95.05     | Graphics API: Vulkan
|=============================================================================================|
| GPU | Name                             | Active | LDA | GPU Memory | Vendor-ID | LUID       |
|     |                                  |        |     |            | Device-ID | UUID       |
|     |                                  |        |     |            | Bus-ID    |            |
|---------------------------------------------------------------------------------------------|
| 0   | NVIDIA GeForce RTX 5080 Laptop.. | Yes: 0 |     | 16303   MB | 10de      | 0          |
|     |                                  |        |     |            | 2c59      | 68be4d56.. |
|     |                                  |        |     |            | 2         |            |
|---------------------------------------------------------------------------------------------|
| 1   | Intel(R) Graphics (ARL)          |        |     | 15758   MB | 8086      | 0          |
|     |                                  |        |     |            | 7d67      | 8680677d.. |
|     |                                  |        |     |            | 0         |            |
|=============================================================================================|
| OS: 24.04.3 LTS (Noble Numbat) ubuntu, Version: 24.04.3, Kernel: 6.14.0-36-generic
| XServer Vendor: The X.Org Foundation, XServer Version: 12101011 (1.21.1.11)
| Processor: Intel(R) Core(TM) Ultra 9 275HX
| Cores: 24 | Logical Cores: 24
|---------------------------------------------------------------------------------------------|
| Total Memory (MB): 31516 | Free Memory: 10034
| Total Page/Swap (MB): 15258 | Free Page/Swap: 15257
|---------------------------------------------------------------------------------------------|
2026-06-03T09:59:51Z [4,426ms] [Warning] [gpu.foundation.plugin] CPU performance profile is set to powersave. This profile sets the CPU to the lowest frequency reducing performance.
2026-06-03T09:59:51Z [4,439ms] [Warning] [gpu.foundation.plugin] IOMMU is enabled.
2026-06-03T09:59:51Z [4,439ms] [Warning] [gpu.foundation.plugin] Detected IOMMU is enabled. Running CUDA peer-to-peer bandwidth and latency validation.
Unidirectional P2P=Enabled Bandwidth (P2P Writes) Matrix (GB/s)
   D\D     0 
     0 522.74 
P2P=Enabled Latency (P2P Writes) Matrix (us)
   GPU     0 
     0   2.07 

   CPU     0 
     0   1.78 
2026-06-03T09:59:53Z [6,600ms] [Warning] [gpu.foundation.plugin] Skipping unsupported non-NVIDIA GPU: Intel(R) Graphics (ARL)
2026-06-03T09:59:53Z [6,600ms] [Warning] [gpu.foundation.plugin] Skipping unsupported non-NVIDIA GPU: Intel(R) Graphics (ARL)

|---------------------------------------------------------------------------------------------|
| Driver Version: 580.95.05     | Graphics API: Vulkan
|=============================================================================================|
| GPU | Name                             | Active | LDA | GPU Memory | Vendor-ID | LUID       |
|     |                                  |        |     |            | Device-ID | UUID       |
|     |                                  |        |     |            | Bus-ID    |            |
|---------------------------------------------------------------------------------------------|
| 0   | NVIDIA GeForce RTX 5080 Laptop.. | Yes: 0 |     | 16303   MB | 10de      | 0          |
|     |                                  |        |     |            | 2c59      | 68be4d56.. |
|     |                                  |        |     |            | 2         |            |
|---------------------------------------------------------------------------------------------|
| 1   | Intel(R) Graphics (ARL)          |        |     | 15758   MB | 8086      | 0          |
|     |                                  |        |     |            | 7d67      | 8680677d.. |
|     |                                  |        |     |            | 0         |            |
|=============================================================================================|
| OS: 24.04.3 LTS (Noble Numbat) ubuntu, Version: 24.04.3, Kernel: 6.14.0-36-generic
| XServer Vendor: The X.Org Foundation, XServer Version: 12101011 (1.21.1.11)
| Processor: Intel(R) Core(TM) Ultra 9 275HX
| Cores: 24 | Logical Cores: 24
|---------------------------------------------------------------------------------------------|
| Total Memory (MB): 31516 | Free Memory: 9688
| Total Page/Swap (MB): 15258 | Free Page/Swap: 15257
|---------------------------------------------------------------------------------------------|
2026-06-03T09:59:54Z [6,992ms] [Warning] [gpu.foundation.plugin] CPU performance profile is set to powersave. This profile sets the CPU to the lowest frequency reducing performance.
Unidirectional P2P=Enabled Bandwidth (P2P Writes) Matrix (GB/s)
   D\D     0 
     0 478.21 
P2P=Enabled Latency (P2P Writes) Matrix (us)
   GPU     0 
     0   2.07 

   CPU     0 
     0   2.16 
2026-06-03T09:59:54Z [7,001ms] [Warning] [gpu.foundation.plugin] IOMMU is enabled.
2026-06-03T09:59:54Z [7,001ms] [Warning] [gpu.foundation.plugin] Detected IOMMU is enabled. Running CUDA peer-to-peer bandwidth and latency validation.
Unidirectional P2P=Enabled Bandwidth (P2P Writes) Matrix (GB/s)
   D\D     0 
     0 478.56 
P2P=Enabled Latency (P2P Writes) Matrix (us)
   GPU     0 
     0   2.07 

   CPU     0 
     0   1.95 
2026-06-03T09:59:55Z [7,909ms] [Warning] [omni.graph.visualization.nodes._impl.extension] No Viewport Window to add omni.graph.visualization.nodes-2.1.3 scene to
2026-06-03T09:59:55Z [8,005ms] [Warning] [isaacsim.asset.importer.urdf] DEPRECATION WARNING: Merging bodies with inertia is deprecated. This will be removed in a future release.
2026-06-03T09:59:55Z [8,005ms] [Warning] [isaacsim.asset.importer.urdf] link copy_left_ankle_down_stick_link has body properties (mass, inertia, or collisions) and is being merged into left_ankle_down_stick_link
2026-06-03T09:59:55Z [8,005ms] [Warning] [isaacsim.asset.importer.urdf] DEPRECATION WARNING: Merging bodies with inertia is deprecated. This will be removed in a future release.
2026-06-03T09:59:55Z [8,005ms] [Warning] [isaacsim.asset.importer.urdf] link copy_left_ankle_up_stick_link has body properties (mass, inertia, or collisions) and is being merged into left_ankle_up_stick_link
2026-06-03T09:59:55Z [8,005ms] [Warning] [isaacsim.asset.importer.urdf] DEPRECATION WARNING: Merging bodies with inertia is deprecated. This will be removed in a future release.
2026-06-03T09:59:55Z [8,005ms] [Warning] [isaacsim.asset.importer.urdf] link fake_left_ankle_down_stick_link has body properties (mass, inertia, or collisions) and is being merged into left_foot_link
2026-06-03T09:59:55Z [8,005ms] [Warning] [isaacsim.asset.importer.urdf] DEPRECATION WARNING: Merging bodies with inertia is deprecated. This will be removed in a future release.
2026-06-03T09:59:55Z [8,005ms] [Warning] [isaacsim.asset.importer.urdf] link fake_left_ankle_up_stick_link has body properties (mass, inertia, or collisions) and is being merged into left_foot_link
[INFO]: Base environment:
	Environment device    : cuda:0
	Environment seed      : 42
	Physics step-size     : 0.005
	Rendering step-size   : 0.02
	Environment step-size : 0.02
[33m17:59:58 [terrain_importer.py] WARNING: Visual material specified for ground plane but no diffuse color found. Using default color: (0.0, 0.0, 0.0)[0m
[INFO]: Time taken for scene creation : 6.990170 seconds
[INFO]: Scene manager:  <class InteractiveScene>
	Number of environments: 16
	Environment spacing   : 2.5
	Source prim name      : /World/envs/env_0
	Global prim paths     : ['/World/ground']
	Replicate physics     : True
[INFO]: Starting the simulation. This may take a few seconds. Please wait...
[INFO]: Time taken for simulation start : 0.868607 seconds
[INFO] Command Manager:  <CommandManager> contains 1 active terms.
+---------------------------------------------------------+
|                   Active Command Terms                  |
+-------+---------------+---------------------------------+
| Index | Name          |               Type              |
+-------+---------------+---------------------------------+
|   0   | base_velocity | UniformThresholdVelocityCommand |
+-------+---------------+---------------------------------+

[INFO] Event Manager:  <EventManager> contains 3 active terms.
+------------------------------------------+
|  Active Event Terms in Mode: 'startup'   |
+-------+----------------------------------+
| Index | Name                             |
+-------+----------------------------------+
|   0   | randomize_rigid_body_material    |
|   1   | randomize_rigid_body_mass_base   |
|   2   | randomize_rigid_body_mass_others |
|   3   | randomize_com_positions          |
+-------+----------------------------------+
+-----------------------------------------------+
|      Active Event Terms in Mode: 'reset'      |
+-------+---------------------------------------+
| Index | Name                                  |
+-------+---------------------------------------+
|   0   | randomize_apply_external_force_torque |
|   1   | randomize_reset_joints                |
|   2   | randomize_actuator_gains              |
|   3   | randomize_reset_base                  |
+-------+---------------------------------------+
+--------------------------------------------------------+
|         Active Event Terms in Mode: 'interval'         |
+-------+----------------------+-------------------------+
| Index | Name                 | Interval time range (s) |
+-------+----------------------+-------------------------+
|   0   | randomize_push_robot |       (10.0, 15.0)      |
+-------+----------------------+-------------------------+

[INFO] Recorder Manager:  <RecorderManager> contains 0 active terms.
+---------------------+
| Active Recorder Terms |
+-----------+---------+
|   Index   | Name    |
+-----------+---------+
+-----------+---------+

[INFO] Action Manager:  <ActionManager> contains 1 active terms.
+------------------------------------+
|  Active Action Terms (shape: 40)   |
+--------+-------------+-------------+
| Index  | Name        |   Dimension |
+--------+-------------+-------------+
|   0    | joint_pos   |          40 |
+--------+-------------+-------------+

[INFO] Observation Manager: <ObservationManager> contains 17 groups.
+-----------------------------------------------------------+
| Active Observation Terms in Group: 'base_lin_vel' (shape: (3,)) |
+--------------+-----------------------------+--------------+
|    Index     | Name                        |    Shape     |
+--------------+-----------------------------+--------------+
|      0       | base_lin_vel                |     (3,)     |
+--------------+-----------------------------+--------------+
+-----------------------------------------------------------+
| Active Observation Terms in Group: 'base_ang_vel' (shape: (3,)) |
+--------------+-----------------------------+--------------+
|    Index     | Name                        |    Shape     |
+--------------+-----------------------------+--------------+
|      0       | base_ang_vel                |     (3,)     |
+--------------+-----------------------------+--------------+
+-----------------------------------------------------------------+
| Active Observation Terms in Group: 'projected_gravity' (shape: (3,)) |
+-------------+-------------------------------------+-------------+
|    Index    | Name                                |    Shape    |
+-------------+-------------------------------------+-------------+
|      0      | projected_gravity                   |     (3,)    |
+-------------+-------------------------------------+-------------+
+-----------------------------------------------------------------+
| Active Observation Terms in Group: 'velocity_commands' (shape: (3,)) |
+-------------+-------------------------------------+-------------+
|    Index    | Name                                |    Shape    |
+-------------+-------------------------------------+-------------+
|      0      | velocity_commands                   |     (3,)    |
+-------------+-------------------------------------+-------------+
+----------------------------------------------------------+
| Active Observation Terms in Group: 'joint_pos' (shape: (40,)) |
+-------------+------------------------------+-------------+
|    Index    | Name                         |    Shape    |
+-------------+------------------------------+-------------+
|      0      | joint_pos_rel                |    (40,)    |
+-------------+------------------------------+-------------+
+----------------------------------------------------------+
| Active Observation Terms in Group: 'joint_vel' (shape: (40,)) |
+-------------+------------------------------+-------------+
|    Index    | Name                         |    Shape    |
+-------------+------------------------------+-------------+
|      0      | joint_vel_rel                |    (40,)    |
+-------------+------------------------------+-------------+
+------------------------------------------------------+
| Active Observation Terms in Group: 'actions' (shape: (40,)) |
+-------------+--------------------------+-------------+
|    Index    | Name                     |    Shape    |
+-------------+--------------------------+-------------+
|      0      | last_action              |    (40,)    |
+-------------+--------------------------+-------------+
+------------------------------------------------------------------+
| Active Observation Terms in Group: 'base_ang_vel_with_noise' (shape: (3,)) |
+---------------+----------------------------------+---------------+
|     Index     | Name                             |     Shape     |
+---------------+----------------------------------+---------------+
|       0       | base_ang_vel                     |      (3,)     |
+---------------+----------------------------------+---------------+
+-------------------------------------------------------------------------+
| Active Observation Terms in Group: 'projected_gravity_with_noise' (shape: (3,)) |
+--------------+-------------------------------------------+--------------+
|    Index     | Name                                      |    Shape     |
+--------------+-------------------------------------------+--------------+
|      0       | projected_gravity                         |     (3,)     |
+--------------+-------------------------------------------+--------------+
+------------------------------------------------------------------+
| Active Observation Terms in Group: 'joint_pos_with_noise' (shape: (40,)) |
+---------------+----------------------------------+---------------+
|     Index     | Name                             |     Shape     |
+---------------+----------------------------------+---------------+
|       0       | joint_pos_rel                    |     (40,)     |
+---------------+----------------------------------+---------------+
+------------------------------------------------------------------+
| Active Observation Terms in Group: 'joint_vel_with_noise' (shape: (40,)) |
+---------------+----------------------------------+---------------+
|     Index     | Name                             |     Shape     |
+---------------+----------------------------------+---------------+
|       0       | joint_vel_rel                    |     (40,)     |
+---------------+----------------------------------+---------------+
+-----------------------------------------------------------------+
| Active Observation Terms in Group: 'base_ang_vel_history' (shape: (30,)) |
+---------------+---------------------------------+---------------+
|     Index     | Name                            |     Shape     |
+---------------+---------------------------------+---------------+
|       0       | base_ang_vel                    |     (30,)     |
+---------------+---------------------------------+---------------+
+------------------------------------------------------------------------+
| Active Observation Terms in Group: 'projected_gravity_history' (shape: (30,)) |
+--------------+------------------------------------------+--------------+
|    Index     | Name                                     |    Shape     |
+--------------+------------------------------------------+--------------+
|      0       | projected_gravity                        |    (30,)     |
+--------------+------------------------------------------+--------------+
+------------------------------------------------------------------------+
| Active Observation Terms in Group: 'velocity_commands_history' (shape: (30,)) |
+--------------+------------------------------------------+--------------+
|    Index     | Name                                     |    Shape     |
+--------------+------------------------------------------+--------------+
|      0       | velocity_commands                        |    (30,)     |
+--------------+------------------------------------------+--------------+
+-----------------------------------------------------------------+
| Active Observation Terms in Group: 'joint_pos_history' (shape: (400,)) |
+--------------+---------------------------------+----------------+
|    Index     | Name                            |     Shape      |
+--------------+---------------------------------+----------------+
|      0       | joint_pos_rel                   |     (400,)     |
+--------------+---------------------------------+----------------+
+-----------------------------------------------------------------+
| Active Observation Terms in Group: 'joint_vel_history' (shape: (400,)) |
+--------------+---------------------------------+----------------+
|    Index     | Name                            |     Shape      |
+--------------+---------------------------------+----------------+
|      0       | joint_vel_rel                   |     (400,)     |
+--------------+---------------------------------+----------------+
+--------------------------------------------------------------+
| Active Observation Terms in Group: 'actions_history' (shape: (400,)) |
+--------------+-----------------------------+-----------------+
|    Index     | Name                        |      Shape      |
+--------------+-----------------------------+-----------------+
|      0       | last_action                 |      (400,)     |
+--------------+-----------------------------+-----------------+

[INFO] Termination Manager:  <TerminationManager> contains 5 active terms.
+------------------------------------------+
|         Active Termination Terms         |
+-------+-----------------------+----------+
| Index | Name                  | Time Out |
+-------+-----------------------+----------+
|   0   | time_out              |   True   |
|   1   | terrain_out_of_bounds |   True   |
|   2   | illegal_contact       |  False   |
|   3   | bad_orientation       |  False   |
|   4   | base_height           |  False   |
+-------+-----------------------+----------+

[INFO] Reward Manager:  <RewardManager> contains 16 active terms.
+----------------------------------------------+
|             Active Reward Terms              |
+-------+--------------------------+-----------+
| Index | Name                     |    Weight |
+-------+--------------------------+-----------+
|   0   | is_terminated            |    -200.0 |
|   1   | ang_vel_xy_l2            |      -0.1 |
|   2   | flat_orientation_l2      |      -0.2 |
|   3   | joint_torques_l2         |  -1.5e-07 |
|   4   | joint_acc_l2             | -1.25e-07 |
|   5   | joint_pos_limits         |      -0.5 |
|   6   | joint_pos_penalty        |      -1.0 |
|   7   | action_rate_l2           |    -0.005 |
|   8   | track_lin_vel_xy_exp     |       3.0 |
|   9   | track_ang_vel_z_exp      |       3.0 |
|   10  | feet_air_time            |      0.25 |
|   11  | feet_slide               |      -0.2 |
|   12  | upward                   |       1.0 |
|   13  | joint_deviation_hip_l1   |      -0.1 |
|   14  | joint_deviation_arms_l1  |      -0.1 |
|   15  | joint_deviation_torso_l1 |      -0.1 |
+-------+--------------------------+-----------+

[INFO] Curriculum Manager:  <CurriculumManager> contains 0 active terms.
+----------------------+
| Active Curriculum Terms |
+-----------+----------+
|   Index   | Name     |
+-----------+----------+
+-----------+----------+

[INFO]: Completed setting up the environment...
--------------------------------------------------------------------------------
Resolved observation sets: 
	 actor :  ['base_ang_vel', 'projected_gravity', 'velocity_commands', 'joint_pos', 'joint_vel', 'actions']
	 critic :  ['base_lin_vel', 'base_ang_vel_history', 'projected_gravity_history', 'velocity_commands_history', 'joint_pos_history', 'joint_vel_history', 'actions_history']
--------------------------------------------------------------------------------
DreamWaQ Actor Model: BarrierDreamWaQActor(
  (obs_normalizer): Identity()
  (distribution): GaussianDistribution()
  (mlp): MLP(
    (0): Linear(in_features=156, out_features=512, bias=True)
    (1): ELU(alpha=1.0)
    (2): Linear(in_features=512, out_features=256, bias=True)
    (3): ELU(alpha=1.0)
    (4): Linear(in_features=256, out_features=128, bias=True)
    (5): ELU(alpha=1.0)
    (6): Linear(in_features=128, out_features=40, bias=True)
  )
  (encoder): MLP(
    (0): Linear(in_features=1290, out_features=512, bias=True)
    (1): ELU(alpha=1.0)
    (2): Linear(in_features=512, out_features=256, bias=True)
    (3): ELU(alpha=1.0)
    (4): Linear(in_features=256, out_features=256, bias=True)
  )
  (velocity_head): Linear(in_features=256, out_features=3, bias=True)
  (context_mu_head): Linear(in_features=256, out_features=16, bias=True)
  (context_logvar_head): Linear(in_features=256, out_features=16, bias=True)
  (terrain_latent_head): Linear(in_features=256, out_features=8, bias=True)
  (terrain_aux_head): MLP(
    (0): Linear(in_features=8, out_features=256, bias=True)
    (1): ELU(alpha=1.0)
    (2): Linear(in_features=256, out_features=512, bias=True)
    (3): ELU(alpha=1.0)
    (4): Linear(in_features=512, out_features=20, bias=True)
  )
  (reconstruction_decoder): MLP(
    (0): Linear(in_features=19, out_features=256, bias=True)
    (1): ELU(alpha=1.0)
    (2): Linear(in_features=256, out_features=512, bias=True)
    (3): ELU(alpha=1.0)
    (4): Linear(in_features=512, out_features=129, bias=True)
  )
)
DreamWaQ Critic Model: MLPModel(
  (obs_normalizer): Identity()
  (mlp): MLP(
    (0): Linear(in_features=1293, out_features=512, bias=True)
    (1): ELU(alpha=1.0)
    (2): Linear(in_features=512, out_features=256, bias=True)
    (3): ELU(alpha=1.0)
    (4): Linear(in_features=256, out_features=128, bias=True)
    (5): ELU(alpha=1.0)
    (6): Linear(in_features=128, out_features=1, bias=True)
  )
)
Could not find git repository in /home/wangyun/anaconda3/envs/dolang_barrier/lib/python3.11/site-packages/rsl_rl/__init__.py. Skipping.
Storing git diff for 'dog_main_test_barrier' in: /home/wangyun/dog_main_test_barrier/robot_lab/logs/rsl_rl/dolangh1_flat_dreamwaq/2026-06-03_17-59-53/git/dog_main_test_barrier.diff
################################################################################
[1m                             Learning iteration 0/1                             [0m 

                            Total steps: 1024 
                       Steps per second: 353 
                        Collection time: 2.609s 
                          Learning time: 0.288s 
                        Mean value loss: 2.0496
                    Mean surrogate loss: -0.0716
                      Mean entropy loss: 56.7699
                        Mean cenet loss: 2.1802
               Mean cenet_velocity loss: 1.8274
         Mean cenet_reconstruction loss: 0.3512
                     Mean cenet_kl loss: 0.1649
                Mean cenet_terrain loss: 0.0000
                            Mean reward: -2.32
                    Mean episode length: 38.78
                        Mean action std: 1.00
           Episode_Reward/is_terminated: -0.1219
           Episode_Reward/ang_vel_xy_l2: -0.0136
     Episode_Reward/flat_orientation_l2: -0.0008
        Episode_Reward/joint_torques_l2: -0.0001
            Episode_Reward/joint_acc_l2: -0.0005
        Episode_Reward/joint_pos_limits: 0.0000
       Episode_Reward/joint_pos_penalty: -0.0269
          Episode_Reward/action_rate_l2: -0.0102
    Episode_Reward/track_lin_vel_xy_exp: 0.0047
     Episode_Reward/track_ang_vel_z_exp: 0.0175
           Episode_Reward/feet_air_time: 0.0000
              Episode_Reward/feet_slide: -0.0061
                  Episode_Reward/upward: 0.0894
  Episode_Reward/joint_deviation_hip_l1: -0.0009
 Episode_Reward/joint_deviation_arms_l1: -0.0024
Episode_Reward/joint_deviation_torso_l1: -0.0018
     Metrics/base_velocity/error_vel_xy: 0.0630
    Metrics/base_velocity/error_vel_yaw: 0.0622
           Episode_Termination/time_out: 0.0000
Episode_Termination/terrain_out_of_bounds: 0.0000
    Episode_Termination/illegal_contact: 0.0000
    Episode_Termination/bad_orientation: 0.0127
        Episode_Termination/base_height: 0.3721
--------------------------------------------------------------------------------
                         Iteration time: 2.90s
                           Time elapsed: 00:00:02
                                    ETA: 00:00:00

Training time: 3.3 seconds
2026-06-03T09:59:55Z [8,005ms] [Warning] [isaacsim.asset.importer.urdf] DEPRECATION WARNING: Merging bodies with inertia is deprecated. This will be removed in a future release.
2026-06-03T09:59:55Z [8,005ms] [Warning] [isaacsim.asset.importer.urdf] link copy_right_ankle_down_stick_link has body properties (mass, inertia, or collisions) and is being merged into right_ankle_down_stick_link
2026-06-03T09:59:55Z [8,005ms] [Warning] [isaacsim.asset.importer.urdf] DEPRECATION WARNING: Merging bodies with inertia is deprecated. This will be removed in a future release.
2026-06-03T09:59:55Z [8,005ms] [Warning] [isaacsim.asset.importer.urdf] link copy_right_ankle_up_stick_link has body properties (mass, inertia, or collisions) and is being merged into right_ankle_up_stick_link
2026-06-03T09:59:55Z [8,005ms] [Warning] [isaacsim.asset.importer.urdf] DEPRECATION WARNING: Merging bodies with inertia is deprecated. This will be removed in a future release.
2026-06-03T09:59:55Z [8,005ms] [Warning] [isaacsim.asset.importer.urdf] link fake_right_ankle_down_stick_link has body properties (mass, inertia, or collisions) and is being merged into right_foot_link
2026-06-03T09:59:55Z [8,005ms] [Warning] [isaacsim.asset.importer.urdf] DEPRECATION WARNING: Merging bodies with inertia is deprecated. This will be removed in a future release.
2026-06-03T09:59:55Z [8,005ms] [Warning] [isaacsim.asset.importer.urdf] link fake_right_ankle_up_stick_link has body properties (mass, inertia, or collisions) and is being merged into right_foot_link
2026-06-03T09:59:55Z [8,005ms] [Warning] [isaacsim.asset.importer.urdf] DEPRECATION WARNING: Merging bodies with inertia is deprecated. This will be removed in a future release.
2026-06-03T09:59:55Z [8,005ms] [Warning] [isaacsim.asset.importer.urdf] link fake_torso_left_stick_link has body properties (mass, inertia, or collisions) and is being merged into waist_link
2026-06-03T09:59:55Z [8,005ms] [Warning] [isaacsim.asset.importer.urdf] DEPRECATION WARNING: Merging bodies with inertia is deprecated. This will be removed in a future release.
2026-06-03T09:59:55Z [8,005ms] [Warning] [isaacsim.asset.importer.urdf] link fake_torso_right_stick_link has body properties (mass, inertia, or collisions) and is being merged into waist_link
2026-06-03T09:59:55Z [8,005ms] [Warning] [isaacsim.asset.importer.urdf] DEPRECATION WARNING: Merging bodies with inertia is deprecated. This will be removed in a future release.
2026-06-03T09:59:55Z [8,005ms] [Warning] [isaacsim.asset.importer.urdf] link copy_torso_left_stick_link has body properties (mass, inertia, or collisions) and is being merged into torso_left_stick_link
2026-06-03T09:59:55Z [8,005ms] [Warning] [isaacsim.asset.importer.urdf] DEPRECATION WARNING: Merging bodies with inertia is deprecated. This will be removed in a future release.
2026-06-03T09:59:55Z [8,005ms] [Warning] [isaacsim.asset.importer.urdf] link copy_torso_right_stick_link has body properties (mass, inertia, or collisions) and is being merged into torso_right_stick_link
2026-06-03T09:59:55Z [8,005ms] [Warning] [isaacsim.asset.importer.urdf] DEPRECATION WARNING: Merging bodies with inertia is deprecated. This will be removed in a future release.
2026-06-03T09:59:55Z [8,005ms] [Warning] [isaacsim.asset.importer.urdf] link torso_camera_link has body properties (mass, inertia, or collisions) and is being merged into torso_link
2026-06-03T10:00:02Z [15,393ms] [Warning] [omni.physx.fabric.plugin] FabricManager::initializePointInstancer mismatched prototypes on point instancer: /Visuals/Command/velocity_goal.
2026-06-03T10:00:02Z [15,393ms] [Warning] [omni.physx.fabric.plugin] FabricManager::initializePointInstancer mismatched prototypes on point instancer: /Visuals/Command/velocity_current.
